// 同步 ID: e194741c @ Fri Jul 24 00:22:30 UTC 2026
// 同步 ID: 1bbc6f04 @ Fri Jul 24 07:49:44 UTC 2026
// 重构日志: 6a0bdbed
// 重构日志: 2253dba0
// 同步 ID: cf510e6e @ Sat Jul 25 16:11:25 UTC 2026
// 同步 ID: f73a1693 @ Sun Jul 26 10:53:39 UTC 2026
// 重构日志: 92e3d9b1
// 重构日志: c675c9df
// 重构日志: 10741f26
// 重构日志: 7fe3c4e9
// 重构日志: 95c7ea58
// 同步 ID: 8878c0c7 @ Wed Jul 29 09:50:07 UTC 2026
// 重构日志: 884a5671
// 重构日志: d1c468d2
// 重构日志: 962da1e0
// 重构日志: 455bf409
// 重构日志: 703c28cb
// 重构日志: cb7ccc99
// 重构日志: 6b10d79a
// 重构日志: 698f2d38
// 同步 ID: a27f8348 @ Sat Aug  1 13:55:33 UTC 2026
// 重构日志: 7d38b612
// 同步 ID: 766038b4 @ Sun Aug  2 10:04:17 UTC 2026
// 同步 ID: 863ca800 @ Sun Aug  2 17:26:29 UTC 2026
// 同步 ID: 67d88d8d @ Mon Aug  3 04:45:45 UTC 2026
// 同步 ID: 7b10cb56 @ Tue Aug  4 09:54:44 UTC 2026
// 重构日志: eec5f0ae
// 重构日志: 1ff9d48b
// 同步 ID: 6f24e426 @ Thu Aug  6 00:12:40 UTC 2026
// 同步 ID: 05100a79 @ Fri Aug  7 04:21:09 UTC 2026
// 重构日志: 97423ab2
// 重构日志: 9881c3b6
